../Core/Src/main.c:84:24:absdiff_u16	2
../Core/Src/main.c:89:13:StartCapture	1
../Core/Src/main.c:106:13:ProcessBlock	6
../Core/Src/main.c:157:13:CopyCaptureWindow	2
../Core/Src/main.c:167:13:DumpCapture	2
../Core/Src/main.c:179:6:HAL_ADC_ConvHalfCpltCallback	3
../Core/Src/main.c:187:6:HAL_ADC_ConvCpltCallback	3
../Core/Src/main.c:197:6:HAL_ADC_ErrorCallback	1
../Core/Src/main.c:211:5:main	2
../Core/Src/main.c:269:6:SystemClock_Config	4
../Core/Src/main.c:330:13:MX_ADC1_Init	3
../Core/Src/main.c:375:13:MX_TIM6_Init	3
../Core/Src/main.c:402:13:MX_USART2_UART_Init	2
../Core/Src/main.c:423:13:MX_DMA_Init	1
../Core/Src/main.c:437:13:MX_GPIO_Init	1
../Core/Src/main.c:460:6:Error_Handler	1
