../Core/Src/main.c:84:24:absdiff_u16	16	static
../Core/Src/main.c:89:13:StartCapture	8	static
../Core/Src/main.c:106:13:ProcessBlock	40	static
../Core/Src/main.c:157:13:CopyCaptureWindow	16	static
../Core/Src/main.c:167:13:DumpCapture	40	static
../Core/Src/main.c:179:6:HAL_ADC_ConvHalfCpltCallback	16	static
../Core/Src/main.c:187:6:HAL_ADC_ConvCpltCallback	16	static
../Core/Src/main.c:197:6:HAL_ADC_ErrorCallback	32	static
../Core/Src/main.c:211:5:main	8	static
../Core/Src/main.c:269:6:SystemClock_Config	96	static
../Core/Src/main.c:330:13:MX_ADC1_Init	32	static
../Core/Src/main.c:375:13:MX_TIM6_Init	24	static
../Core/Src/main.c:402:13:MX_USART2_UART_Init	8	static
../Core/Src/main.c:423:13:MX_DMA_Init	16	static
../Core/Src/main.c:437:13:MX_GPIO_Init	40	static
../Core/Src/main.c:460:6:Error_Handler	4	static,ignoring_inline_asm
